-visualizer/client/node
_modules/rollup/dist/es
/shared/node-entry.js:2
1712:26)
    at file:///C:/Users
/psoha/OneDrive/Desktop
/aqi-map-visualizer/cli
ent/node_modules/rollup
/dist/es/shared/node-en
try.js:21670:26[39m
